[0.026s] Invoking command in '/home/dhher/mrt_ws/src/rover_gazebosim/build/rover_gazebosim': CMAKE_PREFIX_PATH=/opt/ros/humble /usr/bin/cmake /home/dhher/mrt_ws/src/rover_gazebosim -DAMENT_CMAKE_SYMLINK_INSTALL=1 -DCMAKE_INSTALL_PREFIX=/home/dhher/mrt_ws/src/rover_gazebosim/install/rover_gazebosim
[0.218s] -- The C compiler identification is GNU 11.4.0
[0.394s] -- The CXX compiler identification is GNU 11.4.0
[0.419s] -- Detecting C compiler ABI info
[0.613s] -- Detecting C compiler ABI info - done
[0.633s] -- Check for working C compiler: /usr/bin/cc - skipped
[0.634s] -- Detecting C compile features
[0.635s] -- Detecting C compile features - done
[0.644s] -- Detecting CXX compiler ABI info
[0.857s] -- Detecting CXX compiler ABI info - done
[0.876s] -- Check for working CXX compiler: /usr/bin/c++ - skipped
[0.877s] -- Detecting CXX compile features
[0.878s] -- Detecting CXX compile features - done
[0.887s] -- Found ament_cmake: 1.3.11 (/opt/ros/humble/share/ament_cmake/cmake)
[1.254s] -- Found Python3: /usr/bin/python3 (found version "3.10.12") found components: Interpreter 
[1.410s] -- Override CMake install command with custom implementation using symlinks instead of copying resources
[1.493s] -- Found rclpy: 3.3.15 (/opt/ros/humble/share/rclpy/cmake)
[1.497s] -- Found gazebo_ros: 3.7.0 (/opt/ros/humble/share/gazebo_ros/cmake)
[1.632s] -- Found rosidl_generator_c: 3.1.6 (/opt/ros/humble/share/rosidl_generator_c/cmake)
[1.646s] -- Found rosidl_adapter: 3.1.6 (/opt/ros/humble/share/rosidl_adapter/cmake)
[1.670s] -- Found rosidl_generator_cpp: 3.1.6 (/opt/ros/humble/share/rosidl_generator_cpp/cmake)
[1.707s] -- Using all available rosidl_typesupport_c: rosidl_typesupport_fastrtps_c;rosidl_typesupport_introspection_c
[1.753s] -- Using all available rosidl_typesupport_cpp: rosidl_typesupport_fastrtps_cpp;rosidl_typesupport_introspection_cpp
[1.877s] -- Found rmw_implementation_cmake: 6.1.2 (/opt/ros/humble/share/rmw_implementation_cmake/cmake)
[1.885s] -- Found rmw_fastrtps_cpp: 6.2.7 (/opt/ros/humble/share/rmw_fastrtps_cpp/cmake)
[2.144s] -- Found OpenSSL: /usr/lib/x86_64-linux-gnu/libcrypto.so (found version "3.0.2")  
[2.225s] -- Found FastRTPS: /opt/ros/humble/include  
[2.347s] -- Using RMW implementation 'rmw_fastrtps_cpp' as default
[2.374s] -- Looking for pthread.h
[2.558s] -- Looking for pthread.h - found
[2.558s] -- Performing Test CMAKE_HAVE_LIBC_PTHREAD
[2.742s] -- Performing Test CMAKE_HAVE_LIBC_PTHREAD - Success
[2.745s] -- Found Threads: TRUE  
[2.909s] -- Found PkgConfig: /usr/bin/pkg-config (found version "0.29.2") 
[2.911s] -- Checking for module 'bullet>=2.82'
[2.949s] --   Found bullet, version 3.05
[3.268s] -- Found fcl: /usr/include (found suitable version "0.7.0", minimum required is "0.5.0") 
[3.415s] -- Found assimp: /usr/include (found version "5.2.0") 
[3.481s] -- Found DART: /usr/include (Required is at least version "6.6") found components: dart 
[3.560s] -- Found Boost: /usr/lib/x86_64-linux-gnu/cmake/Boost-1.74.0/BoostConfig.cmake (found suitable version "1.74.0", minimum required is "1.40.0") found components: thread system filesystem program_options regex iostreams date_time 
[3.599s] -- Found Protobuf: /usr/lib/x86_64-linux-gnu/libprotobuf.so (found version "3.12.4") 
[3.612s] -- Looking for ignition-math6 -- found version 6.15.1
[3.632s] -- Searching for dependencies of ignition-math6
[3.636s] -- Looking for OGRE...
[3.637s] -- OGRE_PREFIX_WATCH changed.
[3.651s] -- Checking for module 'OGRE'
[3.688s] --   Found OGRE, version 1.9.0
[3.792s] -- Found Ogre Ghadamon (1.9.0)
[3.807s] -- Found OGRE: optimized;/usr/lib/x86_64-linux-gnu/libOgreMain.so;debug;/usr/lib/x86_64-linux-gnu/libOgreMain.so
[3.832s] -- Looking for OGRE_Paging...
[3.844s] -- Found OGRE_Paging: optimized;/usr/lib/x86_64-linux-gnu/libOgrePaging.so;debug;/usr/lib/x86_64-linux-gnu/libOgrePaging.so
[3.844s] -- Looking for OGRE_Terrain...
[3.854s] -- Found OGRE_Terrain: optimized;/usr/lib/x86_64-linux-gnu/libOgreTerrain.so;debug;/usr/lib/x86_64-linux-gnu/libOgreTerrain.so
[3.855s] -- Looking for OGRE_Property...
[3.866s] -- Found OGRE_Property: optimized;/usr/lib/x86_64-linux-gnu/libOgreProperty.so;debug;/usr/lib/x86_64-linux-gnu/libOgreProperty.so
[3.866s] -- Looking for OGRE_RTShaderSystem...
[3.876s] -- Found OGRE_RTShaderSystem: optimized;/usr/lib/x86_64-linux-gnu/libOgreRTShaderSystem.so;debug;/usr/lib/x86_64-linux-gnu/libOgreRTShaderSystem.so
[3.877s] -- Looking for OGRE_Volume...
[3.887s] -- Found OGRE_Volume: optimized;/usr/lib/x86_64-linux-gnu/libOgreVolume.so;debug;/usr/lib/x86_64-linux-gnu/libOgreVolume.so
[3.887s] -- Looking for OGRE_Overlay...
[3.898s] -- Found OGRE_Overlay: optimized;/usr/lib/x86_64-linux-gnu/libOgreOverlay.so;debug;/usr/lib/x86_64-linux-gnu/libOgreOverlay.so
[4.160s] -- Looking for ignition-math6 -- found version 6.15.1
[4.166s] -- Looking for ignition-transport8 -- found version 8.2.1
[4.168s] -- Searching for dependencies of ignition-transport8
[4.221s] -- Found Protobuf: /usr/lib/x86_64-linux-gnu/libprotobuf.so (found suitable version "3.12.4", minimum required is "3") 
[4.257s] -- Config-file not installed for ZeroMQ -- checking for pkg-config
[4.270s] -- Checking for module 'libzmq >= 4'
[4.312s] --   Found libzmq , version 4.3.4
[4.429s] -- Found ZeroMQ: TRUE (Required is at least version "4") 
[4.445s] -- Checking for module 'uuid'
[4.484s] --   Found uuid, version 2.37.2
[4.587s] -- Found UUID: TRUE  
[4.595s] -- Looking for ignition-msgs5 -- found version 5.8.1
[4.596s] -- Searching for dependencies of ignition-msgs5
[4.652s] -- Looking for ignition-math6 -- found version 6.15.1
[4.667s] -- Checking for module 'tinyxml2'
[4.705s] --   Found tinyxml2, version 9.0.0
[4.813s] -- Looking for ignition-msgs5 -- found version 5.8.1
[4.820s] -- Looking for ignition-common3 -- found version 3.14.0
[4.821s] -- Searching for dependencies of ignition-common3
[4.822s] -- Looking for dlfcn.h - found
[4.824s] -- Looking for libdl - found
[4.827s] -- Found DL: TRUE  
[4.856s] -- Found tinyobjloader: /usr/lib/x86_64-linux-gnu/cmake/tinyobjloader/tinyobjloader-config.cmake (found version "2.0.0") 
[4.858s] -- Searching for <ignition-common3> component [graphics]
[4.864s] -- Looking for ignition-common3-graphics -- found version 3.14.0
[4.865s] -- Searching for dependencies of ignition-common3-graphics
[4.866s] -- Looking for ignition-math6 -- found version 6.15.1
[4.874s] -- Looking for ignition-fuel_tools4 -- found version 4.4.0
[4.875s] -- Searching for dependencies of ignition-fuel_tools4
[5.113s] -- Found CURL: /usr/lib/x86_64-linux-gnu/libcurl.so (found version "7.81.0")  
[5.138s] -- Checking for module 'jsoncpp'
[5.177s] --   Found jsoncpp, version 1.9.5
[5.281s] -- Found JSONCPP: TRUE  
[5.298s] -- Checking for module 'libzip'
[5.337s] --   Found libzip, version 1.7.3
[5.445s] -- Found ZIP: TRUE  
[5.446s] -- Looking for ignition-common3 -- found version 3.14.0
[5.447s] -- Looking for ignition-math6 -- found version 6.15.1
[5.448s] -- Looking for ignition-msgs5 -- found version 5.8.1
[5.459s] -- Gazebo version: 11.10
[5.460s] -- Checking for module 'tbb'
[5.500s] --   Found tbb, version 2021.5.0
[5.760s] -- Configuring done
[5.776s] -- Generating done
[5.784s] -- Build files have been written to: /home/dhher/mrt_ws/src/rover_gazebosim/build/rover_gazebosim
[5.810s] Invoked command in '/home/dhher/mrt_ws/src/rover_gazebosim/build/rover_gazebosim' returned '0': CMAKE_PREFIX_PATH=/opt/ros/humble /usr/bin/cmake /home/dhher/mrt_ws/src/rover_gazebosim -DAMENT_CMAKE_SYMLINK_INSTALL=1 -DCMAKE_INSTALL_PREFIX=/home/dhher/mrt_ws/src/rover_gazebosim/install/rover_gazebosim
[5.815s] Invoking command in '/home/dhher/mrt_ws/src/rover_gazebosim/build/rover_gazebosim': CMAKE_PREFIX_PATH=/opt/ros/humble /usr/bin/cmake --build /home/dhher/mrt_ws/src/rover_gazebosim/build/rover_gazebosim -- -j16 -l16
[5.923s] Invoked command in '/home/dhher/mrt_ws/src/rover_gazebosim/build/rover_gazebosim' returned '0': CMAKE_PREFIX_PATH=/opt/ros/humble /usr/bin/cmake --build /home/dhher/mrt_ws/src/rover_gazebosim/build/rover_gazebosim -- -j16 -l16
[5.949s] Invoking command in '/home/dhher/mrt_ws/src/rover_gazebosim/build/rover_gazebosim': CMAKE_PREFIX_PATH=/opt/ros/humble /usr/bin/cmake --install /home/dhher/mrt_ws/src/rover_gazebosim/build/rover_gazebosim
[5.966s] -- Install configuration: ""
[5.967s] -- Execute custom install script
[5.968s] -- Symlinking: /home/dhher/mrt_ws/src/rover_gazebosim/install/rover_gazebosim/share/rover_gazebosim//launch/slam_launch.launch.py
[5.991s] -- Symlinking: /home/dhher/mrt_ws/src/rover_gazebosim/install/rover_gazebosim/share/rover_gazebosim//launch/spawn_rover.launch.py
[6.015s] -- Symlinking: /home/dhher/mrt_ws/src/rover_gazebosim/install/rover_gazebosim/share/rover_gazebosim//config/ekf.yaml
[6.040s] -- Symlinking: /home/dhher/mrt_ws/src/rover_gazebosim/install/rover_gazebosim/share/rover_gazebosim//config/gazebo_params.yaml
[6.066s] -- Symlinking: /home/dhher/mrt_ws/src/rover_gazebosim/install/rover_gazebosim/share/rover_gazebosim//config/online_slam_params.yaml
[6.091s] -- Symlinking: /home/dhher/mrt_ws/src/rover_gazebosim/install/rover_gazebosim/share/rover_gazebosim//config/parameter_bridge.yaml
[6.114s] -- Symlinking: /home/dhher/mrt_ws/src/rover_gazebosim/install/rover_gazebosim/share/rover_gazebosim//config/slam_params.yaml
[6.138s] -- Symlinking: /home/dhher/mrt_ws/src/rover_gazebosim/install/rover_gazebosim/share/rover_gazebosim//urdf/materials.xacro
[6.161s] -- Symlinking: /home/dhher/mrt_ws/src/rover_gazebosim/install/rover_gazebosim/share/rover_gazebosim//urdf/rover.urdf
[6.184s] -- Symlinking: /home/dhher/mrt_ws/src/rover_gazebosim/install/rover_gazebosim/share/rover_gazebosim//urdf/rover/rover.gazebo
[6.207s] -- Symlinking: /home/dhher/mrt_ws/src/rover_gazebosim/install/rover_gazebosim/share/rover_gazebosim//meshes/Left_bogie.STL
[6.230s] -- Symlinking: /home/dhher/mrt_ws/src/rover_gazebosim/install/rover_gazebosim/share/rover_gazebosim//meshes/Left_rocker.STL
[6.253s] -- Symlinking: /home/dhher/mrt_ws/src/rover_gazebosim/install/rover_gazebosim/share/rover_gazebosim//meshes/Right_bogie.STL
[6.276s] -- Symlinking: /home/dhher/mrt_ws/src/rover_gazebosim/install/rover_gazebosim/share/rover_gazebosim//meshes/Right_rocker.STL
[6.298s] -- Symlinking: /home/dhher/mrt_ws/src/rover_gazebosim/install/rover_gazebosim/share/rover_gazebosim//meshes/ball-left-down.STL
[6.320s] -- Symlinking: /home/dhher/mrt_ws/src/rover_gazebosim/install/rover_gazebosim/share/rover_gazebosim//meshes/ball-left-down0.STL
[6.343s] -- Symlinking: /home/dhher/mrt_ws/src/rover_gazebosim/install/rover_gazebosim/share/rover_gazebosim//meshes/ball-right-down.STL
[6.366s] -- Symlinking: /home/dhher/mrt_ws/src/rover_gazebosim/install/rover_gazebosim/share/rover_gazebosim//meshes/ball-right-down0.STL
[6.388s] -- Symlinking: /home/dhher/mrt_ws/src/rover_gazebosim/install/rover_gazebosim/share/rover_gazebosim//meshes/base_link.STL
[6.411s] -- Symlinking: /home/dhher/mrt_ws/src/rover_gazebosim/install/rover_gazebosim/share/rover_gazebosim//meshes/connector-link-1.STL
[6.434s] -- Symlinking: /home/dhher/mrt_ws/src/rover_gazebosim/install/rover_gazebosim/share/rover_gazebosim//meshes/connector-link-2.STL
[6.456s] -- Symlinking: /home/dhher/mrt_ws/src/rover_gazebosim/install/rover_gazebosim/share/rover_gazebosim//meshes/left-rod.STL
[6.479s] -- Symlinking: /home/dhher/mrt_ws/src/rover_gazebosim/install/rover_gazebosim/share/rover_gazebosim//meshes/right-rod.STL
[6.501s] -- Symlinking: /home/dhher/mrt_ws/src/rover_gazebosim/install/rover_gazebosim/share/rover_gazebosim//meshes/socket-left-down.STL
[6.524s] -- Symlinking: /home/dhher/mrt_ws/src/rover_gazebosim/install/rover_gazebosim/share/rover_gazebosim//meshes/socket-left.STL
[6.547s] -- Symlinking: /home/dhher/mrt_ws/src/rover_gazebosim/install/rover_gazebosim/share/rover_gazebosim//meshes/socket-right-down.STL
[6.569s] -- Symlinking: /home/dhher/mrt_ws/src/rover_gazebosim/install/rover_gazebosim/share/rover_gazebosim//meshes/socket-right.STL
[6.591s] -- Symlinking: /home/dhher/mrt_ws/src/rover_gazebosim/install/rover_gazebosim/share/rover_gazebosim//meshes/triangle-ball-left.STL
[6.614s] -- Symlinking: /home/dhher/mrt_ws/src/rover_gazebosim/install/rover_gazebosim/share/rover_gazebosim//meshes/triangle-ball-right.STL
[6.637s] -- Symlinking: /home/dhher/mrt_ws/src/rover_gazebosim/install/rover_gazebosim/share/rover_gazebosim//meshes/triangle-connector-l.STL
[6.660s] -- Symlinking: /home/dhher/mrt_ws/src/rover_gazebosim/install/rover_gazebosim/share/rover_gazebosim//meshes/triangle-connector-r.STL
[6.682s] -- Symlinking: /home/dhher/mrt_ws/src/rover_gazebosim/install/rover_gazebosim/share/rover_gazebosim//meshes/triangle-left.STL
[6.705s] -- Symlinking: /home/dhher/mrt_ws/src/rover_gazebosim/install/rover_gazebosim/share/rover_gazebosim//meshes/triangle-right.STL
[6.727s] -- Symlinking: /home/dhher/mrt_ws/src/rover_gazebosim/install/rover_gazebosim/share/rover_gazebosim//meshes/wheel_1.STL
[6.750s] -- Symlinking: /home/dhher/mrt_ws/src/rover_gazebosim/install/rover_gazebosim/share/rover_gazebosim//meshes/wheel_2.STL
[6.772s] -- Symlinking: /home/dhher/mrt_ws/src/rover_gazebosim/install/rover_gazebosim/share/rover_gazebosim//meshes/wheel_3.STL
[6.795s] -- Symlinking: /home/dhher/mrt_ws/src/rover_gazebosim/install/rover_gazebosim/share/rover_gazebosim//meshes/wheel_4.STL
[6.817s] -- Symlinking: /home/dhher/mrt_ws/src/rover_gazebosim/install/rover_gazebosim/share/rover_gazebosim//meshes/wheel_5.STL
[6.840s] -- Symlinking: /home/dhher/mrt_ws/src/rover_gazebosim/install/rover_gazebosim/share/rover_gazebosim//meshes/wheel_6.STL
[6.863s] -- Symlinking: /home/dhher/mrt_ws/src/rover_gazebosim/install/rover_gazebosim/share/ament_index/resource_index/package_run_dependencies/rover_gazebosim
[6.886s] -- Symlinking: /home/dhher/mrt_ws/src/rover_gazebosim/install/rover_gazebosim/share/ament_index/resource_index/parent_prefix_path/rover_gazebosim
[6.909s] -- Symlinking: /home/dhher/mrt_ws/src/rover_gazebosim/install/rover_gazebosim/share/rover_gazebosim/environment/ament_prefix_path.sh
[6.932s] -- Symlinking: /home/dhher/mrt_ws/src/rover_gazebosim/install/rover_gazebosim/share/rover_gazebosim/environment/ament_prefix_path.dsv
[6.955s] -- Symlinking: /home/dhher/mrt_ws/src/rover_gazebosim/install/rover_gazebosim/share/rover_gazebosim/environment/path.sh
[6.978s] -- Symlinking: /home/dhher/mrt_ws/src/rover_gazebosim/install/rover_gazebosim/share/rover_gazebosim/environment/path.dsv
[7.001s] -- Symlinking: /home/dhher/mrt_ws/src/rover_gazebosim/install/rover_gazebosim/share/rover_gazebosim/local_setup.bash
[7.023s] -- Symlinking: /home/dhher/mrt_ws/src/rover_gazebosim/install/rover_gazebosim/share/rover_gazebosim/local_setup.sh
[7.046s] -- Symlinking: /home/dhher/mrt_ws/src/rover_gazebosim/install/rover_gazebosim/share/rover_gazebosim/local_setup.zsh
[7.069s] -- Symlinking: /home/dhher/mrt_ws/src/rover_gazebosim/install/rover_gazebosim/share/rover_gazebosim/local_setup.dsv
[7.092s] -- Symlinking: /home/dhher/mrt_ws/src/rover_gazebosim/install/rover_gazebosim/share/rover_gazebosim/package.dsv
[7.115s] -- Symlinking: /home/dhher/mrt_ws/src/rover_gazebosim/install/rover_gazebosim/share/ament_index/resource_index/packages/rover_gazebosim
[7.139s] -- Symlinking: /home/dhher/mrt_ws/src/rover_gazebosim/install/rover_gazebosim/share/rover_gazebosim/cmake/rover_gazebosimConfig.cmake
[7.162s] -- Symlinking: /home/dhher/mrt_ws/src/rover_gazebosim/install/rover_gazebosim/share/rover_gazebosim/cmake/rover_gazebosimConfig-version.cmake
[7.184s] -- Symlinking: /home/dhher/mrt_ws/src/rover_gazebosim/install/rover_gazebosim/share/rover_gazebosim/package.xml
[7.212s] Invoked command in '/home/dhher/mrt_ws/src/rover_gazebosim/build/rover_gazebosim' returned '0': CMAKE_PREFIX_PATH=/opt/ros/humble /usr/bin/cmake --install /home/dhher/mrt_ws/src/rover_gazebosim/build/rover_gazebosim
